// Jest Snapshot v1, https://goo.gl/fbAQLP

exports[`Dropdown renders properly 1`] = `
<div
  className="combo js-select"
>
  <div
    aria-activedescendant=""
    aria-controls="listbox-combo1-label"
    aria-expanded={false}
    aria-haspopup="listbox"
    aria-labelledby="combo1-label"
    className="combo-input"
    id="combo-combo1-label"
    onBlur={[Function]}
    onClick={[Function]}
    onKeyDown={[Function]}
    role="combobox"
    tabIndex={0}
    title="AK"
  >
    Alaska
  </div>
  <div
    aria-labelledby="combo1-label"
    className="combo-menu"
    id="listbox-combo1-label"
    role="listbox"
    tabIndex={-1}
  >
    <div
      aria-selected={false}
      className="combo-option"
      id="combo1-label0"
      onClick={[Function]}
      role="option"
      title="AL"
    >
      Alabama
    </div>
    <div
      aria-selected={true}
      className="combo-option option-current"
      id="combo1-label1"
      onClick={[Function]}
      role="option"
      title="AK"
    >
      Alaska
    </div>
    <div
      aria-selected={false}
      className="combo-option"
      id="combo1-label2"
      onClick={[Function]}
      role="option"
      title="AS"
    >
      American Samoa
    </div>
    <div
      aria-selected={false}
      className="combo-option"
      id="combo1-label3"
      onClick={[Function]}
      role="option"
      title="AZ"
    >
      Arizona
    </div>
    <div
      aria-selected={false}
      className="combo-option"
      id="combo1-label4"
      onClick={[Function]}
      role="option"
      title="AR"
    >
      Arkansas
    </div>
    <div
      aria-selected={false}
      className="combo-option"
      id="combo1-label5"
      onClick={[Function]}
      role="option"
      title="CA"
    >
      California
    </div>
    <div
      aria-selected={false}
      className="combo-option"
      id="combo1-label6"
      onClick={[Function]}
      role="option"
      title="CO"
    >
      Colorado
    </div>
    <div
      aria-selected={false}
      className="combo-option"
      id="combo1-label7"
      onClick={[Function]}
      role="option"
      title="CT"
    >
      Connecticut
    </div>
    <div
      aria-selected={false}
      className="combo-option"
      id="combo1-label8"
      onClick={[Function]}
      role="option"
      title="DE"
    >
      Delaware
    </div>
    <div
      aria-selected={false}
      className="combo-option"
      id="combo1-label9"
      onClick={[Function]}
      role="option"
      title="DC"
    >
      District Of Columbia
    </div>
    <div
      aria-selected={false}
      className="combo-option"
      id="combo1-label10"
      onClick={[Function]}
      role="option"
      title="FM"
    >
      Federated States Of Micronesia
    </div>
    <div
      aria-selected={false}
      className="combo-option"
      id="combo1-label11"
      onClick={[Function]}
      role="option"
      title="FL"
    >
      Florida
    </div>
    <div
      aria-selected={false}
      className="combo-option"
      id="combo1-label12"
      onClick={[Function]}
      role="option"
      title="GA"
    >
      Georgia
    </div>
    <div
      aria-selected={false}
      className="combo-option"
      id="combo1-label13"
      onClick={[Function]}
      role="option"
      title="GU"
    >
      Guam
    </div>
    <div
      aria-selected={false}
      className="combo-option"
      id="combo1-label14"
      onClick={[Function]}
      role="option"
      title="HI"
    >
      Hawaii
    </div>
    <div
      aria-selected={false}
      className="combo-option"
      id="combo1-label15"
      onClick={[Function]}
      role="option"
      title="ID"
    >
      Idaho
    </div>
    <div
      aria-selected={false}
      className="combo-option"
      id="combo1-label16"
      onClick={[Function]}
      role="option"
      title="IL"
    >
      Illinois
    </div>
    <div
      aria-selected={false}
      className="combo-option"
      id="combo1-label17"
      onClick={[Function]}
      role="option"
      title="IN"
    >
      Indiana
    </div>
    <div
      aria-selected={false}
      className="combo-option"
      id="combo1-label18"
      onClick={[Function]}
      role="option"
      title="IA"
    >
      Iowa
    </div>
    <div
      aria-selected={false}
      className="combo-option"
      id="combo1-label19"
      onClick={[Function]}
      role="option"
      title="KS"
    >
      Kansas
    </div>
    <div
      aria-selected={false}
      className="combo-option"
      id="combo1-label20"
      onClick={[Function]}
      role="option"
      title="KY"
    >
      Kentucky
    </div>
    <div
      aria-selected={false}
      className="combo-option"
      id="combo1-label21"
      onClick={[Function]}
      role="option"
      title="LA"
    >
      Louisiana
    </div>
    <div
      aria-selected={false}
      className="combo-option"
      id="combo1-label22"
      onClick={[Function]}
      role="option"
      title="ME"
    >
      Maine
    </div>
    <div
      aria-selected={false}
      className="combo-option"
      id="combo1-label23"
      onClick={[Function]}
      role="option"
      title="MH"
    >
      Marshall Islands
    </div>
    <div
      aria-selected={false}
      className="combo-option"
      id="combo1-label24"
      onClick={[Function]}
      role="option"
      title="MD"
    >
      Maryland
    </div>
    <div
      aria-selected={false}
      className="combo-option"
      id="combo1-label25"
      onClick={[Function]}
      role="option"
      title="MA"
    >
      Massachusetts
    </div>
    <div
      aria-selected={false}
      className="combo-option"
      id="combo1-label26"
      onClick={[Function]}
      role="option"
      title="MI"
    >
      Michigan
    </div>
    <div
      aria-selected={false}
      className="combo-option"
      id="combo1-label27"
      onClick={[Function]}
      role="option"
      title="MN"
    >
      Minnesota
    </div>
    <div
      aria-selected={false}
      className="combo-option"
      id="combo1-label28"
      onClick={[Function]}
      role="option"
      title="MS"
    >
      Mississippi
    </div>
    <div
      aria-selected={false}
      className="combo-option"
      id="combo1-label29"
      onClick={[Function]}
      role="option"
      title="MO"
    >
      Missouri
    </div>
    <div
      aria-selected={false}
      className="combo-option"
      id="combo1-label30"
      onClick={[Function]}
      role="option"
      title="MT"
    >
      Montana
    </div>
    <div
      aria-selected={false}
      className="combo-option"
      id="combo1-label31"
      onClick={[Function]}
      role="option"
      title="NE"
    >
      Nebraska
    </div>
    <div
      aria-selected={false}
      className="combo-option"
      id="combo1-label32"
      onClick={[Function]}
      role="option"
      title="NV"
    >
      Nevada
    </div>
    <div
      aria-selected={false}
      className="combo-option"
      id="combo1-label33"
      onClick={[Function]}
      role="option"
      title="NH"
    >
      New Hampshire
    </div>
    <div
      aria-selected={false}
      className="combo-option"
      id="combo1-label34"
      onClick={[Function]}
      role="option"
      title="NJ"
    >
      New Jersey
    </div>
    <div
      aria-selected={false}
      className="combo-option"
      id="combo1-label35"
      onClick={[Function]}
      role="option"
      title="NM"
    >
      New Mexico
    </div>
    <div
      aria-selected={false}
      className="combo-option"
      id="combo1-label36"
      onClick={[Function]}
      role="option"
      title="NY"
    >
      New York
    </div>
    <div
      aria-selected={false}
      className="combo-option"
      id="combo1-label37"
      onClick={[Function]}
      role="option"
      title="NC"
    >
      North Carolina
    </div>
    <div
      aria-selected={false}
      className="combo-option"
      id="combo1-label38"
      onClick={[Function]}
      role="option"
      title="ND"
    >
      North Dakota
    </div>
    <div
      aria-selected={false}
      className="combo-option"
      id="combo1-label39"
      onClick={[Function]}
      role="option"
      title="MP"
    >
      Northern Mariana Islands
    </div>
    <div
      aria-selected={false}
      className="combo-option"
      id="combo1-label40"
      onClick={[Function]}
      role="option"
      title="OH"
    >
      Ohio
    </div>
    <div
      aria-selected={false}
      className="combo-option"
      id="combo1-label41"
      onClick={[Function]}
      role="option"
      title="OK"
    >
      Oklahoma
    </div>
    <div
      aria-selected={false}
      className="combo-option"
      id="combo1-label42"
      onClick={[Function]}
      role="option"
      title="OR"
    >
      Oregon
    </div>
    <div
      aria-selected={false}
      className="combo-option"
      id="combo1-label43"
      onClick={[Function]}
      role="option"
      title="PW"
    >
      Palau
    </div>
    <div
      aria-selected={false}
      className="combo-option"
      id="combo1-label44"
      onClick={[Function]}
      role="option"
      title="PA"
    >
      Pennsylvania
    </div>
    <div
      aria-selected={false}
      className="combo-option"
      id="combo1-label45"
      onClick={[Function]}
      role="option"
      title="PR"
    >
      Puerto Rico
    </div>
    <div
      aria-selected={false}
      className="combo-option"
      id="combo1-label46"
      onClick={[Function]}
      role="option"
      title="RI"
    >
      Rhode Island
    </div>
    <div
      aria-selected={false}
      className="combo-option"
      id="combo1-label47"
      onClick={[Function]}
      role="option"
      title="SC"
    >
      South Carolina
    </div>
    <div
      aria-selected={false}
      className="combo-option"
      id="combo1-label48"
      onClick={[Function]}
      role="option"
      title="SD"
    >
      South Dakota
    </div>
    <div
      aria-selected={false}
      className="combo-option"
      id="combo1-label49"
      onClick={[Function]}
      role="option"
      title="TN"
    >
      Tennessee
    </div>
    <div
      aria-selected={false}
      className="combo-option"
      id="combo1-label50"
      onClick={[Function]}
      role="option"
      title="TX"
    >
      Texas
    </div>
    <div
      aria-selected={false}
      className="combo-option"
      id="combo1-label51"
      onClick={[Function]}
      role="option"
      title="UT"
    >
      Utah
    </div>
    <div
      aria-selected={false}
      className="combo-option"
      id="combo1-label52"
      onClick={[Function]}
      role="option"
      title="VT"
    >
      Vermont
    </div>
    <div
      aria-selected={false}
      className="combo-option"
      id="combo1-label53"
      onClick={[Function]}
      role="option"
      title="VI"
    >
      Virgin Islands
    </div>
    <div
      aria-selected={false}
      className="combo-option"
      id="combo1-label54"
      onClick={[Function]}
      role="option"
      title="VA"
    >
      Virginia
    </div>
    <div
      aria-selected={false}
      className="combo-option"
      id="combo1-label55"
      onClick={[Function]}
      role="option"
      title="WA"
    >
      Washington
    </div>
    <div
      aria-selected={false}
      className="combo-option"
      id="combo1-label56"
      onClick={[Function]}
      role="option"
      title="WV"
    >
      West Virginia
    </div>
    <div
      aria-selected={false}
      className="combo-option"
      id="combo1-label57"
      onClick={[Function]}
      role="option"
      title="WI"
    >
      Wisconsin
    </div>
    <div
      aria-selected={false}
      className="combo-option"
      id="combo1-label58"
      onClick={[Function]}
      role="option"
      title="WY"
    >
      Wyoming
    </div>
  </div>
</div>
`;
